#-----------------------------------------------------------
# Webtalk v2017.2 (64-bit)
# SW Build 1909853 on Thu Jun 15 18:39:10 MDT 2017
# IP Build 1909766 on Thu Jun 15 19:58:00 MDT 2017
# Start of session at: Thu Mar  1 00:55:53 2018
# Process ID: 27131
# Current directory: /home/angelo/Desktop/SistemiEmbedded/VivadoHLSProject/ProjectFolder/RTL_mergesort.prj/solution2/sim/vhdl
# Command line: wbtcv -mode batch -source /home/angelo/Desktop/SistemiEmbedded/VivadoHLSProject/ProjectFolder/RTL_mergesort.prj/solution2/sim/vhdl/xsim.dir/mergesort/webtalk/xsim_webtalk.tcl -notrace
# Log file: /home/angelo/Desktop/SistemiEmbedded/VivadoHLSProject/ProjectFolder/RTL_mergesort.prj/solution2/sim/vhdl/webtalk.log
# Journal file: /home/angelo/Desktop/SistemiEmbedded/VivadoHLSProject/ProjectFolder/RTL_mergesort.prj/solution2/sim/vhdl/webtalk.jou
#-----------------------------------------------------------
source /home/angelo/Desktop/SistemiEmbedded/VivadoHLSProject/ProjectFolder/RTL_mergesort.prj/solution2/sim/vhdl/xsim.dir/mergesort/webtalk/xsim_webtalk.tcl -notrace
