#-----------------------------------------------------------
# Webtalk v2017.2 (64-bit)
# SW Build 1909853 on Thu Jun 15 18:39:10 MDT 2017
# IP Build 1909766 on Thu Jun 15 19:58:00 MDT 2017
# Start of session at: Tue Feb 27 17:04:22 2018
# Process ID: 30774
# Current directory: /home/angelo/Desktop/SistemiEmbedded/VivadoHLSProject/ProjectFolder/RTL_selection_sort.prj/solution1/sim/vhdl
# Command line: wbtcv -mode batch -source /home/angelo/Desktop/SistemiEmbedded/VivadoHLSProject/ProjectFolder/RTL_selection_sort.prj/solution1/sim/vhdl/xsim.dir/selection_sort/webtalk/xsim_webtalk.tcl -notrace
# Log file: /home/angelo/Desktop/SistemiEmbedded/VivadoHLSProject/ProjectFolder/RTL_selection_sort.prj/solution1/sim/vhdl/webtalk.log
# Journal file: /home/angelo/Desktop/SistemiEmbedded/VivadoHLSProject/ProjectFolder/RTL_selection_sort.prj/solution1/sim/vhdl/webtalk.jou
#-----------------------------------------------------------
source /home/angelo/Desktop/SistemiEmbedded/VivadoHLSProject/ProjectFolder/RTL_selection_sort.prj/solution1/sim/vhdl/xsim.dir/selection_sort/webtalk/xsim_webtalk.tcl -notrace
