

================================================================
== Vivado HLS Report for 'partition'
================================================================
* Date:           Thu Mar  1 12:20:59 2018

* Version:        2017.2 (Build 1909853 on Thu Jun 15 18:55:24 MDT 2017)
* Project:        RTL_Quicksort.prj
* Solution:       solution1
* Product family: zynq
* Target device:  xc7z020clg484-1


================================================================
== Performance Estimates
================================================================
+ Timing (ns): 
    * Summary: 
    +--------+-------+----------+------------+
    |  Clock | Target| Estimated| Uncertainty|
    +--------+-------+----------+------------+
    |ap_clk  |  10.00|      7.53|        1.25|
    +--------+-------+----------+------------+

+ Latency (clock cycles): 
    * Summary: 
    +-----+-----+-----+-----+---------+
    |  Latency  |  Interval | Pipeline|
    | min | max | min | max |   Type  |
    +-----+-----+-----+-----+---------+
    |    ?|    ?|    ?|    ?|   none  |
    +-----+-----+-----+-----+---------+

    + Detail: 
        * Instance: 
        N/A

        * Loop: 
        +---------------+-----+-----+----------+-----------+-----------+------+----------+
        |               |  Latency  | Iteration|  Initiation Interval  | Trip |          |
        |   Loop Name   | min | max |  Latency |  achieved |   target  | Count| Pipelined|
        +---------------+-----+-----+----------+-----------+-----------+------+----------+
        |- PARWHILE     |    ?|    ?|         ?|          -|          -|     ?|    no    |
        | + PARWHILE.1  |    ?|    ?|         2|          -|          -|     ?|    no    |
        | + PARWHILE.2  |    ?|    ?|         2|          -|          -|     ?|    no    |
        +---------------+-----+-----+----------+-----------+-----------+------+----------+



================================================================
== Utilization Estimates
================================================================
* Summary: 
+-----------------+---------+-------+--------+-------+
|       Name      | BRAM_18K| DSP48E|   FF   |  LUT  |
+-----------------+---------+-------+--------+-------+
|DSP              |        -|      -|       -|      -|
|Expression       |        -|      -|     591|    303|
|FIFO             |        -|      -|       -|      -|
|Instance         |        -|      -|       -|      -|
|Memory           |        -|      -|       -|      -|
|Multiplexer      |        -|      -|       -|    143|
|Register         |        -|      -|     408|      -|
+-----------------+---------+-------+--------+-------+
|Total            |        0|      0|     999|    446|
+-----------------+---------+-------+--------+-------+
|Available        |      280|    220|  106400|  53200|
+-----------------+---------+-------+--------+-------+
|Utilization (%)  |        0|      0|   ~0   |   ~0  |
+-----------------+---------+-------+--------+-------+

+ Detail: 
    * Instance: 
    N/A

    * DSP48: 
    N/A

    * Memory: 
    N/A

    * FIFO: 
    N/A

    * Expression: 
    +-----------------+----------+-------+-----+----+------------+------------+
    |  Variable Name  | Operation| DSP48E|  FF | LUT| Bitwidth P0| Bitwidth P1|
    +-----------------+----------+-------+-----+----+------------+------------+
    |inf_1_fu_112_p2  |     +    |      0|  197|  69|          64|           1|
    |sup_1_fu_126_p2  |     +    |      0|  197|  69|          64|           2|
    |tmp_s_fu_136_p2  |     +    |      0|  197|  69|          64|           1|
    |grp_fu_77_p2     |   icmp   |      0|    0|  32|          64|          64|
    |tmp_1_fu_141_p2  |   icmp   |      0|    0|  32|          64|          64|
    |tmp_fu_107_p2    |   icmp   |      0|    0|  32|          64|          64|
    +-----------------+----------+-------+-----+----+------------+------------+
    |Total            |          |      0|  591| 303|         384|         196|
    +-----------------+----------+-------+-----+----+------------+------------+

    * Multiplexer: 
    +------------+----+-----------+-----+-----------+
    |    Name    | LUT| Input Size| Bits| Total Bits|
    +------------+----+-----------+-----+-----------+
    |a_address0  |  45|          8|    4|         32|
    |a_d0        |  15|          3|   64|        192|
    |ap_NS_fsm   |  65|         12|    1|         12|
    |inf_fu_20   |   9|          2|   64|        128|
    |sup_fu_24   |   9|          2|   64|        128|
    +------------+----+-----------+-----+-----------+
    |Total       | 143|         27|  197|        492|
    +------------+----+-----------+-----+-----------+

    * Register: 
    +------------------+----+----+-----+-----------+
    |       Name       | FF | LUT| Bits| Const Bits|
    +------------------+----+----+-----+-----------+
    |a_addr_2_reg_195  |   4|   0|    4|          0|
    |a_addr_3_reg_206  |   4|   0|    4|          0|
    |a_addr_reg_160    |   4|   0|    4|          0|
    |ap_CS_fsm         |  11|   0|   11|          0|
    |inf_fu_20         |  64|   0|   64|          0|
    |inf_load_reg_170  |  64|   0|   64|          0|
    |reg_82            |  64|   0|   64|          0|
    |reg_88            |  64|   0|   64|          0|
    |sup_fu_24         |  64|   0|   64|          0|
    |sup_load_reg_189  |  64|   0|   64|          0|
    |tmp_reg_177       |   1|   0|    1|          0|
    +------------------+----+----+-----+-----------+
    |Total             | 408|   0|  408|          0|
    +------------------+----+----+-----+-----------+



================================================================
== Interface
================================================================
* Summary: 
+------------+-----+-----+------------+--------------+--------------+
|  RTL Ports | Dir | Bits|  Protocol  | Source Object|    C Type    |
+------------+-----+-----+------------+--------------+--------------+
|ap_clk      |  in |    1| ap_ctrl_hs |   partition  | return value |
|ap_rst      |  in |    1| ap_ctrl_hs |   partition  | return value |
|ap_start    |  in |    1| ap_ctrl_hs |   partition  | return value |
|ap_done     | out |    1| ap_ctrl_hs |   partition  | return value |
|ap_idle     | out |    1| ap_ctrl_hs |   partition  | return value |
|ap_ready    | out |    1| ap_ctrl_hs |   partition  | return value |
|ap_return   | out |   64| ap_ctrl_hs |   partition  | return value |
|init        |  in |   64|   ap_none  |     init     |    scalar    |
|end_r       |  in |   64|   ap_none  |     end_r    |    scalar    |
|a_address0  | out |    4|  ap_memory |       a      |     array    |
|a_ce0       | out |    1|  ap_memory |       a      |     array    |
|a_we0       | out |    1|  ap_memory |       a      |     array    |
|a_d0        | out |   64|  ap_memory |       a      |     array    |
|a_q0        |  in |   64|  ap_memory |       a      |     array    |
+------------+-----+-----+------------+--------------+--------------+

